Archive member included to satisfy reference by file (symbol)

C:/ST/STM32CubeIDE_1.18.1/STM32CubeIDE/plugins/com.st.stm32cube.ide.mcu.externaltools.gnu-tools-for-stm32.13.3.rel1.win32_1.0.0.202411081344/tools/bin/../lib/gcc/arm-none-eabi/13.3.1/../../../../arm-none-eabi/lib/thumb/v7e-m+fp/hard\libc_nano.a(libc_a-exit.o)
                              C:/ST/STM32CubeIDE_1.18.1/STM32CubeIDE/plugins/com.st.stm32cube.ide.mcu.externaltools.gnu-tools-for-stm32.13.3.rel1.win32_1.0.0.202411081344/tools/bin/../lib/gcc/arm-none-eabi/13.3.1/../../../../arm-none-eabi/lib/thumb/v7e-m+fp/hard/crt0.o (exit)
C:/ST/STM32CubeIDE_1.18.1/STM32CubeIDE/plugins/com.st.stm32cube.ide.mcu.externaltools.gnu-tools-for-stm32.13.3.rel1.win32_1.0.0.202411081344/tools/bin/../lib/gcc/arm-none-eabi/13.3.1/../../../../arm-none-eabi/lib/thumb/v7e-m+fp/hard\libc_nano.a(libc_a-findfp.o)
                              C:/ST/STM32CubeIDE_1.18.1/STM32CubeIDE/plugins/com.st.stm32cube.ide.mcu.externaltools.gnu-tools-for-stm32.13.3.rel1.win32_1.0.0.202411081344/tools/bin/../lib/gcc/arm-none-eabi/13.3.1/../../../../arm-none-eabi/lib/thumb/v7e-m+fp/hard\libc_nano.a(libc_a-exit.o) (__stdio_exit_handler)
C:/ST/STM32CubeIDE_1.18.1/STM32CubeIDE/plugins/com.st.stm32cube.ide.mcu.externaltools.gnu-tools-for-stm32.13.3.rel1.win32_1.0.0.202411081344/tools/bin/../lib/gcc/arm-none-eabi/13.3.1/../../../../arm-none-eabi/lib/thumb/v7e-m+fp/hard\libc_nano.a(libc_a-fwalk.o)
                              C:/ST/STM32CubeIDE_1.18.1/STM32CubeIDE/plugins/com.st.stm32cube.ide.mcu.externaltools.gnu-tools-for-stm32.13.3.rel1.win32_1.0.0.202411081344/tools/bin/../lib/gcc/arm-none-eabi/13.3.1/../../../../arm-none-eabi/lib/thumb/v7e-m+fp/hard\libc_nano.a(libc_a-findfp.o) (_fwalk_sglue)
C:/ST/STM32CubeIDE_1.18.1/STM32CubeIDE/plugins/com.st.stm32cube.ide.mcu.externaltools.gnu-tools-for-stm32.13.3.rel1.win32_1.0.0.202411081344/tools/bin/../lib/gcc/arm-none-eabi/13.3.1/../../../../arm-none-eabi/lib/thumb/v7e-m+fp/hard\libc_nano.a(libc_a-stdio.o)
                              C:/ST/STM32CubeIDE_1.18.1/STM32CubeIDE/plugins/com.st.stm32cube.ide.mcu.externaltools.gnu-tools-for-stm32.13.3.rel1.win32_1.0.0.202411081344/tools/bin/../lib/gcc/arm-none-eabi/13.3.1/../../../../arm-none-eabi/lib/thumb/v7e-m+fp/hard\libc_nano.a(libc_a-findfp.o) (__sread)
C:/ST/STM32CubeIDE_1.18.1/STM32CubeIDE/plugins/com.st.stm32cube.ide.mcu.externaltools.gnu-tools-for-stm32.13.3.rel1.win32_1.0.0.202411081344/tools/bin/../lib/gcc/arm-none-eabi/13.3.1/../../../../arm-none-eabi/lib/thumb/v7e-m+fp/hard\libc_nano.a(libc_a-memset.o)
                              C:/ST/STM32CubeIDE_1.18.1/STM32CubeIDE/plugins/com.st.stm32cube.ide.mcu.externaltools.gnu-tools-for-stm32.13.3.rel1.win32_1.0.0.202411081344/tools/bin/../lib/gcc/arm-none-eabi/13.3.1/../../../../arm-none-eabi/lib/thumb/v7e-m+fp/hard/crt0.o (memset)
C:/ST/STM32CubeIDE_1.18.1/STM32CubeIDE/plugins/com.st.stm32cube.ide.mcu.externaltools.gnu-tools-for-stm32.13.3.rel1.win32_1.0.0.202411081344/tools/bin/../lib/gcc/arm-none-eabi/13.3.1/../../../../arm-none-eabi/lib/thumb/v7e-m+fp/hard\libc_nano.a(libc_a-closer.o)
                              C:/ST/STM32CubeIDE_1.18.1/STM32CubeIDE/plugins/com.st.stm32cube.ide.mcu.externaltools.gnu-tools-for-stm32.13.3.rel1.win32_1.0.0.202411081344/tools/bin/../lib/gcc/arm-none-eabi/13.3.1/../../../../arm-none-eabi/lib/thumb/v7e-m+fp/hard\libc_nano.a(libc_a-stdio.o) (_close_r)
C:/ST/STM32CubeIDE_1.18.1/STM32CubeIDE/plugins/com.st.stm32cube.ide.mcu.externaltools.gnu-tools-for-stm32.13.3.rel1.win32_1.0.0.202411081344/tools/bin/../lib/gcc/arm-none-eabi/13.3.1/../../../../arm-none-eabi/lib/thumb/v7e-m+fp/hard\libc_nano.a(libc_a-reent.o)
                              C:/ST/STM32CubeIDE_1.18.1/STM32CubeIDE/plugins/com.st.stm32cube.ide.mcu.externaltools.gnu-tools-for-stm32.13.3.rel1.win32_1.0.0.202411081344/tools/bin/../lib/gcc/arm-none-eabi/13.3.1/../../../../arm-none-eabi/lib/thumb/v7e-m+fp/hard\libc_nano.a(libc_a-closer.o) (errno)
C:/ST/STM32CubeIDE_1.18.1/STM32CubeIDE/plugins/com.st.stm32cube.ide.mcu.externaltools.gnu-tools-for-stm32.13.3.rel1.win32_1.0.0.202411081344/tools/bin/../lib/gcc/arm-none-eabi/13.3.1/../../../../arm-none-eabi/lib/thumb/v7e-m+fp/hard\libc_nano.a(libc_a-impure.o)
                              C:/ST/STM32CubeIDE_1.18.1/STM32CubeIDE/plugins/com.st.stm32cube.ide.mcu.externaltools.gnu-tools-for-stm32.13.3.rel1.win32_1.0.0.202411081344/tools/bin/../lib/gcc/arm-none-eabi/13.3.1/../../../../arm-none-eabi/lib/thumb/v7e-m+fp/hard\libc_nano.a(libc_a-reent.o) (_impure_ptr)
C:/ST/STM32CubeIDE_1.18.1/STM32CubeIDE/plugins/com.st.stm32cube.ide.mcu.externaltools.gnu-tools-for-stm32.13.3.rel1.win32_1.0.0.202411081344/tools/bin/../lib/gcc/arm-none-eabi/13.3.1/../../../../arm-none-eabi/lib/thumb/v7e-m+fp/hard\libc_nano.a(libc_a-lseekr.o)
[...]
Memory Configuration

Name             Origin             Length             Attributes
RAM              0x20000000         0x00020000         xrw
FLASH            0x08000000         0x00080000         xr
*default*        0x00000000         0xffffffff

Linker script and memory map

LOAD C:/ST/STM32CubeIDE_1.18.1/STM32CubeIDE/plugins/com.st.stm32cube.ide.mcu.externaltools.gnu-tools-for-stm32.13.3.rel1.win32_1.0.0.202411081344/tools/bin/../lib/gcc/arm-none-eabi/13.3.1/thumb/v7e-m+fp/hard/crti.o
LOAD C:/ST/STM32CubeIDE_1.18.1/STM32CubeIDE/plugins/com.st.stm32cube.ide.mcu.externaltools.gnu-tools-for-stm32.13.3.rel1.win32_1.0.0.202411081344/tools/bin/../lib/gcc/arm-none-eabi/13.3.1/thumb/v7e-m+fp/hard/crtbegin.o
LOAD C:/ST/STM32CubeIDE_1.18.1/STM32CubeIDE/plugins/com.st.stm32cube.ide.mcu.externaltools.gnu-tools-for-stm32.13.3.rel1.win32_1.0.0.202411081344/tools/bin/../lib/gcc/arm-none-eabi/13.3.1/../../../../arm-none-eabi/lib/thumb/v7e-m+fp/hard/crt0.o
LOAD ./Src/main.o
LOAD ./Startup/startup_stm32f446retx.o
START GROUP
LOAD C:/ST/STM32CubeIDE_1.18.1/STM32CubeIDE/plugins/com.st.stm32cube.ide.mcu.externaltools.gnu-tools-for-stm32.13.3.rel1.win32_1.0.0.202411081344/tools/bin/../lib/gcc/arm-none-eabi/13.3.1/../../../../arm-none-eabi/lib/thumb/v7e-m+fp/hard\libc_nano.a
LOAD C:/ST/STM32CubeIDE_1.18.1/STM32CubeIDE/plugins/com.st.stm32cube.ide.mcu.externaltools.gnu-tools-for-stm32.13.3.rel1.win32_1.0.0.202411081344/tools/bin/../lib/gcc/arm-none-eabi/13.3.1/../../../../arm-none-eabi/lib/thumb/v7e-m+fp/hard\libm.a
END GROUP
START GROUP
LOAD C:/ST/STM32CubeIDE_1.18.1/STM32CubeIDE/plugins/com.st.stm32cube.ide.mcu.externaltools.gnu-tools-for-stm32.13.3.rel1.win32_1.0.0.202411081344/tools/bin/../lib/gcc/arm-none-eabi/13.3.1/thumb/v7e-m+fp/hard\libgcc.a
LOAD C:/ST/STM32CubeIDE_1.18.1/STM32CubeIDE/plugins/com.st.stm32cube.ide.mcu.externaltools.gnu-tools-for-stm32.13.3.rel1.win32_1.0.0.202411081344/tools/bin/../lib/gcc/arm-none-eabi/13.3.1/../../../../arm-none-eabi/lib/thumb/v7e-m+fp/hard\libc_nano.a
END GROUP
START GROUP
LOAD C:/ST/STM32CubeIDE_1.18.1/STM32CubeIDE/plugins/com.st.stm32cube.ide.mcu.externaltools.gnu-tools-for-stm32.13.3.rel1.win32_1.0.0.202411081344/tools/bin/../lib/gcc/arm-none-eabi/13.3.1/thumb/v7e-m+fp/hard\libgcc.a
LOAD C:/ST/STM32CubeIDE_1.18.1/STM32CubeIDE/plugins/com.st.stm32cube.ide.mcu.externaltools.gnu-tools-for-stm32.13.3.rel1.win32_1.0.0.202411081344/tools/bin/../lib/gcc/arm-none-eabi/13.3.1/../../../../arm-none-eabi/lib/thumb/v7e-m+fp/hard\libc_nano.a
LOAD C:/ST/STM32CubeIDE_1.18.1/STM32CubeIDE/plugins/com.st.stm32cube.ide.mcu.externaltools.gnu-tools-for-stm32.13.3.rel1.win32_1.0.0.202411081344/tools/bin/../lib/gcc/arm-none-eabi/13.3.1/../../../../arm-none-eabi/lib/thumb/v7e-m+fp/hard\libnosys.a
END GROUP
START GROUP
LOAD C:/ST/STM32CubeIDE_1.18.1/STM32CubeIDE/plugins/com.st.stm32cube.ide.mcu.externaltools.gnu-tools-for-stm32.13.3.rel1.win32_1.0.0.202411081344/tools/bin/../lib/gcc/arm-none-eabi/13.3.1/thumb/v7e-m+fp/hard\libgcc.a
LOAD C:/ST/STM32CubeIDE_1.18.1/STM32CubeIDE/plugins/com.st.stm32cube.ide.mcu.externaltools.gnu-tools-for-stm32.13.3.rel1.win32_1.0.0.202411081344/tools/bin/../lib/gcc/arm-none-eabi/13.3.1/../../../../arm-none-eabi/lib/thumb/v7e-m+fp/hard\libc_nano.a
LOAD C:/ST/STM32CubeIDE_1.18.1/STM32CubeIDE/plugins/com.st.stm32cube.ide.mcu.externaltools.gnu-tools-for-stm32.13.3.rel1.win32_1.0.0.202411081344/tools/bin/../lib/gcc/arm-none-eabi/13.3.1/../../../../arm-none-eabi/lib/thumb/v7e-m+fp/hard\libnosys.a
END GROUP
LOAD C:/ST/STM32CubeIDE_1.18.1/STM32CubeIDE/plugins/com.st.stm32cube.ide.mcu.externaltools.gnu-tools-for-stm32.13.3.rel1.win32_1.0.0.202411081344/tools/bin/../lib/gcc/arm-none-eabi/13.3.1/thumb/v7e-m+fp/hard/crtend.o
LOAD C:/ST/STM32CubeIDE_1.18.1/STM32CubeIDE/plugins/com.st.stm32cube.ide.mcu.externaltools.gnu-tools-for-stm32.13.3.rel1.win32_1.0.0.202411081344/tools/bin/../lib/gcc/arm-none-eabi/13.3.1/thumb/v7e-m+fp/hard/crtn.o
                0x20020000                        _estack = (ORIGIN (RAM) + LENGTH (RAM))
                0x00000200                        _Min_Heap_Size = 0x200
                0x00000400                        _Min_Stack_Size = 0x400

.isr_vector     0x08000000      0x1c4
                0x08000000                        . = ALIGN (0x4)
 *(.isr_vector)
 .isr_vector    0x08000000      0x1c4 ./Startup/startup_stm32f446retx.o
                0x08000000                g_pfnVectors
                0x080001c4                        . = ALIGN (0x4)

.text           0x080001c4      0x3e4
                0x080001c4                        . = ALIGN (0x4)
 *(.text)
 .text          0x080001c4       0x40 C:/ST/STM32CubeIDE_1.18.1/STM32CubeIDE/plugins/com.st.stm32cube.ide.mcu.externaltools.gnu-tools-for-stm32.13.3.rel1.win32_1.0.0.202411081344/tools/bin/../lib/gcc/arm-none-eabi/13.3.1/thumb/v7e-m+fp/hard/crtbegin.o
 *(.text*)
 .text.main     0x08000204       0x3a ./Src/main.o
                0x08000204                main
 *fill*         0x0800023e        0x2 
 .text.SetSystemClockto16MHz
                0x08000240       0xa0 ./Src/main.o
 .text.SPI1ClockEnable
                0x080002e0       0x28 ./Src/main.o
 .text.GPIOAClockEnable
                0x08000308       0x28 ./Src/main.o
 .text.SPI1Init
                0x08000330       0xa8 ./Src/main.o
 .text.SPI1WriteToDR
                0x080003d8       0x24 ./Src/main.o
 .text.WaitForTransmissionEnd
                0x080003fc       0x38 ./Src/main.o
 .text.EnableSlave
                0x08000434       0x28 ./Src/main.o
 .text.DisableSlave
                0x0800045c       0x28 ./Src/main.o
 .text.SPI1_Transmit
                0x08000484       0x26 ./Src/main.o
 *fill*         0x080004aa        0x2 
 .text.SPI1PinsInit
                0x080004ac       0x94 ./Src/main.o
 .text.Reset_Handler
                0x08000540       0x4c ./Startup/startup_stm32f446retx.o
                0x08000540                Reset_Handler
 .text.Default_Handler
                0x0800058c        0x2 ./Startup/startup_stm32f446retx.o
                0x0800058c                RTC_Alarm_IRQHandler
                0x0800058c                EXTI2_IRQHandler
                0x0800058c                TIM8_CC_IRQHandler
                0x0800058c                SPDIF_Rx_IRQHandler
                0x0800058c                DebugMon_Handler
                0x0800058c                SPI4_IRQHandler
                0x0800058c                TIM1_CC_IRQHandler
                0x0800058c                QuadSPI_IRQHandler
                0x0800058c                DMA2_Stream5_IRQHandler
                0x0800058c                HardFault_Handler
                0x0800058c                DMA1_Stream5_IRQHandler
                0x0800058c                SysTick_Handler
                0x0800058c                PVD_IRQHandler
                0x0800058c                SDIO_IRQHandler
                0x0800058c                TAMP_STAMP_IRQHandler
                0x0800058c                PendSV_Handler
                0x0800058c                NMI_Handler
                0x0800058c                CAN2_RX1_IRQHandler
                0x0800058c                EXTI3_IRQHandler
                0x0800058c                TIM8_TRG_COM_TIM14_IRQHandler
                0x0800058c                TIM1_UP_TIM10_IRQHandler
                0x0800058c                FMPI2C1_error_IRQHandler
                0x0800058c                TIM8_UP_TIM13_IRQHandler
                0x0800058c                I2C3_ER_IRQHandler
                0x0800058c                EXTI0_IRQHandler
                0x0800058c                I2C2_EV_IRQHandler
                0x0800058c                DMA1_Stream2_IRQHandler
                0x0800058c                CAN1_RX0_IRQHandler
                0x0800058c                OTG_HS_WKUP_IRQHandler
                0x0800058c                UsageFault_Handler
                0x0800058c                CAN2_SCE_IRQHandler
                0x0800058c                DMA2_Stream2_IRQHandler
                0x0800058c                SPI1_IRQHandler
                0x0800058c                TIM6_DAC_IRQHandler
                0x0800058c                TIM1_BRK_TIM9_IRQHandler
                0x0800058c                DCMI_IRQHandler
                0x0800058c                CAN2_RX0_IRQHandler
                0x0800058c                DMA2_Stream3_IRQHandler
                0x0800058c                FMPI2C1_IRQHandler
                0x0800058c                SAI2_IRQHandler
                0x0800058c                USART6_IRQHandler
                0x0800058c                USART3_IRQHandler
                0x0800058c                CAN1_RX1_IRQHandler
                0x0800058c                UART5_IRQHandler
                0x0800058c                DMA2_Stream0_IRQHandler
                0x0800058c                TIM4_IRQHandler
                0x0800058c                I2C1_EV_IRQHandler
                0x0800058c                HDMI_CEC_IRQHandler
                0x0800058c                DMA1_Stream6_IRQHandler
                0x0800058c                DMA1_Stream1_IRQHandler
                0x0800058c                UART4_IRQHandler
                0x0800058c                TIM3_IRQHandler
                0x0800058c                RCC_IRQHandler
                0x0800058c                TIM8_BRK_TIM12_IRQHandler
                0x0800058c                Default_Handler
                0x0800058c                EXTI15_10_IRQHandler
                0x0800058c                ADC_IRQHandler
                0x0800058c                DMA1_Stream7_IRQHandler
                0x0800058c                TIM7_IRQHandler
                0x0800058c                CAN2_TX_IRQHandler
                0x0800058c                TIM5_IRQHandler
                0x0800058c                DMA2_Stream7_IRQHandler
                0x0800058c                I2C3_EV_IRQHandler
                0x0800058c                EXTI9_5_IRQHandler
                0x0800058c                RTC_WKUP_IRQHandler
                0x0800058c                SPI2_IRQHandler
                0x0800058c                OTG_HS_EP1_IN_IRQHandler
                0x0800058c                MemManage_Handler
                0x0800058c                DMA1_Stream0_IRQHandler
                0x0800058c                CAN1_TX_IRQHandler
                0x0800058c                SVC_Handler
                0x0800058c                EXTI4_IRQHandler
                0x0800058c                OTG_HS_EP1_OUT_IRQHandler
                0x0800058c                WWDG_IRQHandler
                0x0800058c                TIM2_IRQHandler
                0x0800058c                OTG_FS_WKUP_IRQHandler
                0x0800058c                TIM1_TRG_COM_TIM11_IRQHandler
                0x0800058c                OTG_HS_IRQHandler
                0x0800058c                EXTI1_IRQHandler
                0x0800058c                USART2_IRQHandler
                0x0800058c                I2C2_ER_IRQHandler
                0x0800058c                DMA2_Stream1_IRQHandler
                0x0800058c                CAN1_SCE_IRQHandler
                0x0800058c                FLASH_IRQHandler
                0x0800058c                DMA2_Stream4_IRQHandler
                0x0800058c                BusFault_Handler
                0x0800058c                USART1_IRQHandler
                0x0800058c                OTG_FS_IRQHandler
                0x0800058c                SPI3_IRQHandler
                0x0800058c                DMA1_Stream4_IRQHandler
                0x0800058c                I2C1_ER_IRQHandler
                0x0800058c                FMC_IRQHandler
                0x0800058c                DMA2_Stream6_IRQHandler
                0x0800058c                SAI1_IRQHandler
                0x0800058c                DMA1_Stream3_IRQHandler
 *(.glue_7)
 .glue_7        0x0800058e        0x0 linker stubs
 *(.glue_7t)
 .glue_7t       0x0800058e        0x0 linker stubs
 *(.eh_frame)
 *fill*         0x0800058e        0x2 
 .eh_frame      0x08000590        0x0 C:/ST/STM32CubeIDE_1.18.1/STM32CubeIDE/plugins/com.st.stm32cube.ide.mcu.externaltools.gnu-tools-for-stm32.13.3.rel1.win32_1.0.0.202411081344/tools/bin/../lib/gcc/arm-none-eabi/13.3.1/thumb/v7e-m+fp/hard/crtbegin.o
 *(.init)
 .init          0x08000590        0x4 C:/ST/STM32CubeIDE_1.18.1/STM32CubeIDE/plugins/com.st.stm32cube.ide.mcu.externaltools.gnu-tools-for-stm32.13.3.rel1.win32_1.0.0.202411081344/tools/bin/../lib/gcc/arm-none-eabi/13.3.1/thumb/v7e-m+fp/hard/crti.o
                0x08000590                _init
 .init          0x08000594        0x8 C:/ST/STM32CubeIDE_1.18.1/STM32CubeIDE/plugins/com.st.stm32cube.ide.mcu.externaltools.gnu-tools-for-stm32.13.3.rel1.win32_1.0.0.202411081344/tools/bin/../lib/gcc/arm-none-eabi/13.3.1/thumb/v7e-m+fp/hard/crtn.o
 *(.fini)
 .fini          0x0800059c        0x4 C:/ST/STM32CubeIDE_1.18.1/STM32CubeIDE/plugins/com.st.stm32cube.ide.mcu.externaltools.gnu-tools-for-stm32.13.3.rel1.win32_1.0.0.202411081344/tools/bin/../lib/gcc/arm-none-eabi/13.3.1/thumb/v7e-m+fp/hard/crti.o
                0x0800059c                _fini
 .fini          0x080005a0        0x8 C:/ST/STM32CubeIDE_1.18.1/STM32CubeIDE/plugins/com.st.stm32cube.ide.mcu.externaltools.gnu-tools-for-stm32.13.3.rel1.win32_1.0.0.202411081344/tools/bin/../lib/gcc/arm-none-eabi/13.3.1/thumb/v7e-m+fp/hard/crtn.o
                0x080005a8                        . = ALIGN (0x4)
                0x080005a8                        _etext = .

.vfp11_veneer   0x080005a8        0x0
 .vfp11_veneer  0x080005a8        0x0 linker stubs

.v4_bx          0x080005a8        0x0
 .v4_bx         0x080005a8        0x0 linker stubs

.iplt           0x080005a8        0x0
 .iplt          0x080005a8        0x0 C:/ST/STM32CubeIDE_1.18.1/STM32CubeIDE/plugins/com.st.stm32cube.ide.mcu.externaltools.gnu-tools-for-stm32.13.3.rel1.win32_1.0.0.202411081344/tools/bin/../lib/gcc/arm-none-eabi/13.3.1/thumb/v7e-m+fp/hard/crtbegin.o

.rodata         0x080005a8        0x0
                0x080005a8                        . = ALIGN (0x4)
 *(.rodata)
 *(.rodata*)
                0x080005a8                        . = ALIGN (0x4)

.ARM.extab      0x080005a8        0x0
                0x080005a8                        . = ALIGN (0x4)
 *(.ARM.extab* .gnu.linkonce.armextab.*)
                0x080005a8                        . = ALIGN (0x4)

.ARM            0x080005a8        0x0
                0x080005a8                        . = ALIGN (0x4)
                0x080005a8                        __exidx_start = .
 *(.ARM.exidx*)
                0x080005a8                        __exidx_end = .
                0x080005a8                        . = ALIGN (0x4)

.preinit_array  0x080005a8        0x0
                0x080005a8                        . = ALIGN (0x4)
                0x080005a8                        PROVIDE (__preinit_array_start = .)
 *(.preinit_array*)
                0x080005a8                        PROVIDE (__preinit_array_end = .)
                0x080005a8                        . = ALIGN (0x4)

.init_array     0x080005a8        0x4
                0x080005a8                        . = ALIGN (0x4)
                0x080005a8                        PROVIDE (__init_array_start = .)
 *(SORT_BY_NAME(.init_array.*))
 *(.init_array*)
 .init_array    0x080005a8        0x4 C:/ST/STM32CubeIDE_1.18.1/STM32CubeIDE/plugins/com.st.stm32cube.ide.mcu.externaltools.gnu-tools-for-stm32.13.3.rel1.win32_1.0.0.202411081344/tools/bin/../lib/gcc/arm-none-eabi/13.3.1/thumb/v7e-m+fp/hard/crtbegin.o
                0x080005ac                        PROVIDE (__init_array_end = .)
                0x080005ac                        . = ALIGN (0x4)

.fini_array     0x080005ac        0x4
                0x080005ac                        . = ALIGN (0x4)
                [!provide]                        PROVIDE (__fini_array_start = .)
 *(SORT_BY_NAME(.fini_array.*))
 *(.fini_array*)
 .fini_array    0x080005ac        0x4 C:/ST/STM32CubeIDE_1.18.1/STM32CubeIDE/plugins/com.st.stm32cube.ide.mcu.externaltools.gnu-tools-for-stm32.13.3.rel1.win32_1.0.0.202411081344/tools/bin/../lib/gcc/arm-none-eabi/13.3.1/thumb/v7e-m+fp/hard/crtbegin.o
                [!provide]                        PROVIDE (__fini_array_end = .)
                0x080005b0                        . = ALIGN (0x4)
                0x080005b0                        _sidata = LOADADDR (.data)

.rel.dyn        0x080005b0        0x0
 .rel.iplt      0x080005b0        0x0 C:/ST/STM32CubeIDE_1.18.1/STM32CubeIDE/plugins/com.st.stm32cube.ide.mcu.externaltools.gnu-tools-for-stm32.13.3.rel1.win32_1.0.0.202411081344/tools/bin/../lib/gcc/arm-none-eabi/13.3.1/thumb/v7e-m+fp/hard/crtbegin.o

.data           0x20000000        0x0 load address 0x080005b0
                0x20000000                        . = ALIGN (0x4)
                0x20000000                        _sdata = .
 *(.data)
 *(.data*)
 *(.RamFunc)
 *(.RamFunc*)
                0x20000000                        . = ALIGN (0x4)
                0x20000000                        _edata = .

.igot.plt       0x20000000        0x0 load address 0x080005b0
 .igot.plt      0x20000000        0x0 C:/ST/STM32CubeIDE_1.18.1/STM32CubeIDE/plugins/com.st.stm32cube.ide.mcu.externaltools.gnu-tools-for-stm32.13.3.rel1.win32_1.0.0.202411081344/tools/bin/../lib/gcc/arm-none-eabi/13.3.1/thumb/v7e-m+fp/hard/crtbegin.o
                0x20000000                        . = ALIGN (0x4)

.bss            0x20000000       0x1c load address 0x080005b0
                0x20000000                        _sbss = .
                0x20000000                        __bss_start__ = _sbss
 *(.bss)
 .bss           0x20000000       0x1c C:/ST/STM32CubeIDE_1.18.1/STM32CubeIDE/plugins/com.st.stm32cube.ide.mcu.externaltools.gnu-tools-for-stm32.13.3.rel1.win32_1.0.0.202411081344/tools/bin/../lib/gcc/arm-none-eabi/13.3.1/thumb/v7e-m+fp/hard/crtbegin.o
 *(.bss*)
 *(COMMON)
                0x2000001c                        . = ALIGN (0x4)
                0x2000001c                        _ebss = .
                0x2000001c                        __bss_end__ = _ebss

._user_heap_stack
                0x2000001c      0x604 load address 0x080005b0
                0x20000020                        . = ALIGN (0x8)
 *fill*         0x2000001c        0x4 
                0x20000020                        PROVIDE (end = .)
                [!provide]                        PROVIDE (_end = .)
                0x20000220                        . = (. + _Min_Heap_Size)
 *fill*         0x20000020      0x200 
                0x20000620                        . = (. + _Min_Stack_Size)
 *fill*         0x20000220      0x400 
                0x20000620                        . = ALIGN (0x8)

/DISCARD/
 libc.a(*)
 libm.a(*)
 libgcc.a(*)

.ARM.attributes
                0x00000000       0x30
 *(.ARM.attributes)
 .ARM.attributes
                0x00000000       0x22 C:/ST/STM32CubeIDE_1.18.1/STM32CubeIDE/plugins/com.st.stm32cube.ide.mcu.externaltools.gnu-tools-for-stm32.13.3.rel1.win32_1.0.0.202411081344/tools/bin/../lib/gcc/arm-none-eabi/13.3.1/thumb/v7e-m+fp/hard/crti.o
 .ARM.attributes
                0x00000022       0x34 C:/ST/STM32CubeIDE_1.18.1/STM32CubeIDE/plugins/com.st.stm32cube.ide.mcu.externaltools.gnu-tools-for-stm32.13.3.rel1.win32_1.0.0.202411081344/tools/bin/../lib/gcc/arm-none-eabi/13.3.1/thumb/v7e-m+fp/hard/crtbegin.o
 .ARM.attributes
                0x00000056       0x34 ./Src/main.o
 .ARM.attributes
                0x0000008a       0x21 ./Startup/startup_stm32f446retx.o
 .ARM.attributes
                0x000000ab       0x22 C:/ST/STM32CubeIDE_1.18.1/STM32CubeIDE/plugins/com.st.stm32cube.ide.mcu.externaltools.gnu-tools-for-stm32.13.3.rel1.win32_1.0.0.202411081344/tools/bin/../lib/gcc/arm-none-eabi/13.3.1/thumb/v7e-m+fp/hard/crtn.o
OUTPUT(Bare_Metal_Simplex_SPI.elf elf32-littlearm)
LOAD linker stubs
LOAD C:/ST/STM32CubeIDE_1.18.1/STM32CubeIDE/plugins/com.st.stm32cube.ide.mcu.externaltools.gnu-tools-for-stm32.13.3.rel1.win32_1.0.0.202411081344/tools/bin/../lib/gcc/arm-none-eabi/13.3.1/../../../../arm-none-eabi/lib/thumb/v7e-m+fp/hard\libc.a
LOAD C:/ST/STM32CubeIDE_1.18.1/STM32CubeIDE/plugins/com.st.stm32cube.ide.mcu.externaltools.gnu-tools-for-stm32.13.3.rel1.win32_1.0.0.202411081344/tools/bin/../lib/gcc/arm-none-eabi/13.3.1/../../../../arm-none-eabi/lib/thumb/v7e-m+fp/hard\libm.a
LOAD C:/ST/STM32CubeIDE_1.18.1/STM32CubeIDE/plugins/com.st.stm32cube.ide.mcu.externaltools.gnu-tools-for-stm32.13.3.rel1.win32_1.0.0.202411081344/tools/bin/../lib/gcc/arm-none-eabi/13.3.1/thumb/v7e-m+fp/hard\libgcc.a

.debug_info     0x00000000      0x2ba
 .debug_info    0x00000000      0x28a ./Src/main.o
 .debug_info    0x0000028a       0x30 ./Startup/startup_stm32f446retx.o

.debug_abbrev   0x00000000       0xde
 .debug_abbrev  0x00000000       0xba ./Src/main.o
 .debug_abbrev  0x000000ba       0x24 ./Startup/startup_stm32f446retx.o

.debug_aranges  0x00000000       0x98
 .debug_aranges
                0x00000000       0x70 ./Src/main.o
 .debug_aranges
                0x00000070       0x28 ./Startup/startup_stm32f446retx.o

.debug_rnglists
                0x00000000       0x6b
 .debug_rnglists
                0x00000000       0x52 ./Src/main.o
 .debug_rnglists
                0x00000052       0x19 ./Startup/startup_stm32f446retx.o

.debug_macro    0x00000000     0x1000
 .debug_macro   0x00000000       0xcf ./Src/main.o
 .debug_macro   0x000000cf      0xae4 ./Src/main.o
 .debug_macro   0x00000bb3       0x22 ./Src/main.o
 .debug_macro   0x00000bd5       0x8e ./Src/main.o
 .debug_macro   0x00000c63       0x51 ./Src/main.o
 .debug_macro   0x00000cb4      0x103 ./Src/main.o
 .debug_macro   0x00000db7       0x6a ./Src/main.o
 .debug_macro   0x00000e21      0x1df ./Src/main.o

.debug_line     0x00000000      0x6a1
 .debug_line    0x00000000      0x627 ./Src/main.o
 .debug_line    0x00000627       0x7a ./Startup/startup_stm32f446retx.o

.debug_str      0x00000000     0x3f83
 .debug_str     0x00000000     0x3f83 ./Src/main.o
                               0x40b1 (size before relaxing)
 .debug_str     0x00003f83       0x93 ./Startup/startup_stm32f446retx.o

.comment        0x00000000       0x43
 .comment       0x00000000       0x43 ./Src/main.o
                                 0x44 (size before relaxing)

.debug_frame    0x00000000      0x1b8
 .debug_frame   0x00000000      0x1b8 ./Src/main.o

.debug_line_str
                0x00000000       0x77
 .debug_line_str
                0x00000000       0x77 ./Startup/startup_stm32f446retx.o
